A51 MACRO ASSEMBLER  MAIN                                                                 12/06/2024 22:30:30 PAGE     1


MACRO ASSEMBLER A51 V8.2.7.0
OBJECT MODULE PLACED IN .\Objects\main.obj
ASSEMBLER INVOKED BY: D:\Shigoto\Tools\C51\BIN\A51.EXE ..\..\keil\main.asm SET(SMALL) DEBUG PRINT(.\Listings\main.lst) O
                      BJECT(.\Objects\main.obj) EP

LOC  OBJ            LINE     SOURCE

0000                   1     ORG 00H
0000                   2             LOOP:
0000 E5B0              3             MOV A,P3 ;input
0002 540F              4             ANL A, #0Fh ;clear 4 bit cao
0004 FA                5             MOV R2,A ;copy to R2
                       6             
0005 E5B0              7             MOV A,P3 ;input
0007 C4                8             SWAP A ;swap 4 bit cao thanh 4 bit thap
0008 540F              9             ANL A, #0Fh ; clear 4 bit cao
                      10             
000A 2A               11             ADD A,R2 ;Cong hai so 4 bit
000B F590             12             MOV P1,A ;Output
                      13             
000D 80F1             14             JMP LOOP ;Vong lap
                      15     END
A51 MACRO ASSEMBLER  MAIN                                                                 12/06/2024 22:30:30 PAGE     2

SYMBOL TABLE LISTING
------ ----- -------


N A M E             T Y P E  V A L U E   ATTRIBUTES

LOOP . . . . . . .  C ADDR   0000H   A   
P1 . . . . . . . .  D ADDR   0090H   A   
P3 . . . . . . . .  D ADDR   00B0H   A   


REGISTER BANK(S) USED: 0 


ASSEMBLY COMPLETE.  0 WARNING(S), 0 ERROR(S)
