C51 COMPILER V9.60.7.0   MAIN                                                              10/12/2024 16:02:34 PAGE 1   


C51 COMPILER V9.60.7.0, COMPILATION OF MODULE MAIN
OBJECT MODULE PLACED IN main.OBJ
COMPILER INVOKED BY: C:\Keil_v5_8051\C51\BIN\C51.EXE main.c OPTIMIZE(8,SPEED) BROWSE DEBUG OBJECTEXTEND TABS(2)

line level    source

   1          
   2          #include <REGX52.H>
   3          //#include <at89x52.h>
   4          unsigned char xdata *p;
   5          
   6          void write_ram(unsigned int address, unsigned char wdata)
   7          {
   8   1        p = (unsigned char xdata*)address;
   9   1        *p =  wdata;
  10   1      }
  11          unsigned char read_ram(unsigned int address)
  12          {   
  13   1        unsigned char rdata;          
  14   1        p = (unsigned char xdata*)address;
  15   1        rdata = *p;
  16   1        return rdata;
  17   1      }
  18          
  19          void delayMS(unsigned int t)
  20          {
  21   1        int i,j;
  22   1        for(i=0;i<t;i++)
  23   1          for(j=0;j<123;j++)
  24   1            {}
  25   1      }
  26          
  27          void main(void)
  28          {
  29   1        int i;
  30   1        unsigned char rdata;
  31   1        unsigned char wdata[]={1,2,4,8,16,32,64,128};
  32   1        for(i=0; i<8; i++)
  33   1        {
  34   2          write_ram(i,wdata[i]);//add=[10-17]
  35   2        }
  36   1        for(i=0;i<8;i++)
  37   1        {
  38   2          rdata = read_ram(i);
  39   2          P1 =  rdata;
  40   2          delayMS(100);
  41   2        }
  42   1      
  43   1                
  44   1      }


MODULE INFORMATION:   STATIC OVERLAYABLE
   CODE SIZE        =    154    ----
   CONSTANT SIZE    =      8    ----
   XDATA SIZE       =   ----    ----
   PDATA SIZE       =   ----    ----
   DATA SIZE        =      2      10
   IDATA SIZE       =   ----    ----
   BIT SIZE         =   ----    ----
END OF MODULE INFORMATION.

C51 COMPILER V9.60.7.0   MAIN                                                              10/12/2024 16:02:34 PAGE 2   


C51 COMPILATION COMPLETE.  0 WARNING(S),  0 ERROR(S)
